// Jest Snapshot v1, https://goo.gl/fbAQLP

exports[`<Scan /> renders correctly 1`] = `ShallowWrapper {}`;
